
Compiling lib/main.dart for the Web...                          
Target dart2js failed: ProcessException: Process exited abnormally with exit code 1:
lib/data/services/mandi_service.dart:28:24:
Error: Member not found: 'MandiData.getMockItems'.
      return MandiData.getMockItems();
                       ^^^^^^^^^^^^
lib/data/services/mandi_service.dart:37:26:
Error: Member not found: 'MandiData.getMockItems'.
        return MandiData.getMockItems(); // Fallback
                         ^^^^^^^^^^^^
lib/data/services/mandi_service.dart:40:24:
Error: Member not found: 'MandiData.getMockItems'.
      return MandiData.getMockItems(); // Fallback
                       ^^^^^^^^^^^^
Error: Compilation failed.
  Command: /home/nandan/development/flutter/bin/cache/dart-sdk/bin/dart --disable-dart-dev /home/nandan/development/flutter/bin/cache/dart-sdk/bin/snapshots/dart2js.dart.snapshot --platform-binaries=/home/nandan/development/flutter/bin/cache/flutter_web_sdk/kernel --invoker=flutter_tool -Ddart.vm.product=true -DFLUTTER_WEB_AUTO_DETECT=true -DFLUTTER_WEB_CANVASKIT_URL=https://www.gstatic.com/flutter-canvaskit/04817c99c9fd4956f27505204f7e344335810aed/ --native-null-assertions --no-source-maps -o /home/nandan/np/projects/mandisense/.dart_tool/flutter_build/846120b4c5c0513ff1e25f1352e8304a/app.dill --packages=.dart_tool/package_config.json --cfe-only /home/nandan/np/projects/mandisense/.dart_tool/flutter_build/846120b4c5c0513ff1e25f1352e8304a/main.dart
#0      RunResult.throwException (package:flutter_tools/src/base/process.dart:127:5)
#1      _DefaultProcessUtils.run (package:flutter_tools/src/base/process.dart:326:19)
<asynchronous suspension>
#2      Dart2JSTarget.build (package:flutter_tools/src/build_system/targets/web.dart:188:5)
<asynchronous suspension>
#3      _BuildInstance._invokeInternal (package:flutter_tools/src/build_system/build_system.dart:861:9)
<asynchronous suspension>
#4      Future.wait.<anonymous closure> (dart:async/future.dart:518:21)
<asynchronous suspension>
#5      _BuildInstance.invokeTarget (package:flutter_tools/src/build_system/build_system.dart:799:32)
<asynchronous suspension>
#6      Future.wait.<anonymous closure> (dart:async/future.dart:518:21)
<asynchronous suspension>
#7      _BuildInstance.invokeTarget (package:flutter_tools/src/build_system/build_system.dart:799:32)
<asynchronous suspension>
#8      FlutterBuildSystem.build (package:flutter_tools/src/build_system/build_system.dart:628:16)
<asynchronous suspension>
#9      WebBuilder.buildWeb (package:flutter_tools/src/web/compile.dart:93:34)
<asynchronous suspension>
#10     BuildWebCommand.runCommand (package:flutter_tools/src/commands/build_web.dart:200:5)
<asynchronous suspension>
#11     FlutterCommand.run.<anonymous closure> (package:flutter_tools/src/runner/flutter_command.dart:1389:27)
<asynchronous suspension>
#12     AppContext.run.<anonymous closure> (package:flutter_tools/src/base/context.dart:153:19)
<asynchronous suspension>
#13     CommandRunner.runCommand (package:args/command_runner.dart:212:13)
<asynchronous suspension>
#14     FlutterCommandRunner.runCommand.<anonymous closure> (package:flutter_tools/src/runner/flutter_command_runner.dart:355:9)
<asynchronous suspension>
#15     AppContext.run.<anonymous closure> (package:flutter_tools/src/base/context.dart:153:19)
<asynchronous suspension>
#16     FlutterCommandRunner.runCommand (package:flutter_tools/src/runner/flutter_command_runner.dart:295:5)
<asynchronous suspension>
#17     run.<anonymous closure>.<anonymous closure> (package:flutter_tools/runner.dart:119:9)
<asynchronous suspension>
#18     AppContext.run.<anonymous closure> (package:flutter_tools/src/base/context.dart:153:19)
<asynchronous suspension>
#19     main (package:flutter_tools/executable.dart:90:3)
<asynchronous suspension>

Compiling lib/main.dart for the Web...                             32.9s
Error: Failed to compile application for the Web.
